// Jest Snapshot v1, https://goo.gl/fbAQLP

exports[`<Card/> should render correctly 1`] = `
<div
  className="card"
>
  <div
    aria-label="name"
    className="card-day"
  >
    Tuesday
  </div>
  <svg
    className="card-icon"
    height="84px"
    width="84px"
  >
    <use
      aria-label="icon"
      xlinkHref="icons/icons.svg#clouds"
    />
  </svg>
  <div
    className="card-weather"
  >
    <span
      aria-label="temp-day"
    >
      23
    </span>
     °C /
     
    <span
      aria-label="temp-night"
    >
      20
    </span>
     °C
  </div>
  <ul
    className="card-params"
  >
    <li>
      <svg
        className="icon"
        height="36px"
        width="36px"
      >
        <use
          xlinkHref="icons/params.svg#humidity"
        />
      </svg>
      <p>
        <span
          aria-label="humidity"
        >
          23
        </span>
         %
      </p>
    </li>
    <li>
      <svg
        className="icon"
        height="36px"
        width="36px"
      >
        <use
          xlinkHref="icons/params.svg#barometer"
        />
      </svg>
      <p>
        <span
          aria-label="pressure"
        >
          1000
        </span>
         hPa
      </p>
    </li>
    <li>
      <svg
        className="icon"
        height="52px"
        style={
          Object {
            "margin": "-7px",
          }
        }
        width="52px"
      >
        <use
          xlinkHref="icons/compass.svg#main
              "
        />
        <use
          style={
            Object {
              "transform": "rotate(293deg)",
              "transformOrigin": "center",
            }
          }
          xlinkHref="icons/compass.svg#arrow"
        />
      </svg>
      <p>
        <span
          aria-label="wind_speed"
        >
          2.3
        </span>
         
        mph
      </p>
    </li>
  </ul>
</div>
`;
